// Vitest Snapshot v1

exports[`molecules::AccountSidebar > renders without exploding 1`] = `
<DocumentFragment>
  <div
    class="mantine-gbqgnk"
  >
    <h5
      class="mantine-Title-root mantine-tjhf3n"
    >
      Account
    </h5>
    <div
      class="mantine-Stack-root mantine-lfk3cq"
    >
      <nav
        class="mantine-Navbar-root mantine-1brchyh"
      >
        <button
          class="mantine-UnstyledButton-root mantine-1puva5q"
          type="button"
        >
          <div
            class="mantine-Group-root mantine-2jlg77"
          >
            <div
              class="mantine-Text-root mantine-Group-child mantine-1y6azky"
            >
              Payment Accounts
            </div>
          </div>
        </button>
        <button
          class="mantine-UnstyledButton-root mantine-1puva5q"
          type="button"
        >
          <div
            class="mantine-Group-root mantine-2jlg77"
          >
            <div
              class="mantine-Text-root mantine-Group-child mantine-1y6azky"
            >
              Node Settings
            </div>
          </div>
        </button>
        <button
          class="mantine-UnstyledButton-root mantine-1puva5q"
          type="button"
        >
          <div
            class="mantine-Group-root mantine-2jlg77"
          >
            <div
              class="mantine-Text-root mantine-Group-child mantine-1y6azky"
            >
              Security
            </div>
          </div>
        </button>
        <button
          class="mantine-UnstyledButton-root mantine-1puva5q"
          type="button"
        >
          <div
            class="mantine-Group-root mantine-2jlg77"
          >
            <div
              class="mantine-Text-root mantine-Group-child mantine-1y6azky"
            >
              Wallet
            </div>
          </div>
        </button>
        <button
          class="mantine-UnstyledButton-root mantine-1puva5q"
          type="button"
        >
          <div
            class="mantine-Group-root mantine-2jlg77"
          >
            <div
              class="mantine-Text-root mantine-Group-child mantine-1y6azky"
            >
              Backup
            </div>
          </div>
        </button>
      </nav>
    </div>
  </div>
</DocumentFragment>
`;
