// Vitest Snapshot v1

exports[`molecules::WalletManagement > renders after loading data 1`] = `
<DocumentFragment>
  <div
    class="mantine-Stack-root mantine-lfk3cq"
  >
    <div
      class="mantine-63n06h"
    />
    <div
      class="mantine-Text-root mantine-1ogvxnc"
    >
      Loading Wallet Seeds...
    </div>
    <ol
      class="mantine-List-root mantine-14df5ct"
    >
      <div
        class="mantine-Group-root mantine-1qkd5ve"
      >
        <li
          class="mantine-List-item mantine-Group-child mantine-xm6zd"
        >
          <div
            class="__mantine-ref-itemWrapper mantine-1hf9p21 mantine-List-itemWrapper"
          >
            <span>
              baptism
            </span>
          </div>
        </li>
      </div>
      <div
        class="mantine-Group-root mantine-1qkd5ve"
      >
        <li
          class="mantine-List-item mantine-Group-child mantine-xm6zd"
        >
          <div
            class="__mantine-ref-itemWrapper mantine-1hf9p21 mantine-List-itemWrapper"
          >
            <span />
          </div>
        </li>
      </div>
      <div
        class="mantine-Group-root mantine-1qkd5ve"
      >
        <li
          class="mantine-List-item mantine-Group-child mantine-xm6zd"
        >
          <div
            class="__mantine-ref-itemWrapper mantine-1hf9p21 mantine-List-itemWrapper"
          >
            <span />
          </div>
        </li>
      </div>
    </ol>
  </div>
</DocumentFragment>
`;

exports[`molecules::WalletManagement > renders loading state 1`] = `
<DocumentFragment>
  <div
    class="mantine-Stack-root mantine-lfk3cq"
  >
    <form>
      <div
        class="mantine-Stack-root mantine-lfk3cq"
      >
        <div
          class="mantine-78ek8g"
        />
        <div
          class="mantine-TextInput-root mantine-14qek68"
        >
          <label
            class="mantine-TextInput-label mantine-1bjo575"
            for="password"
            id="password-label"
          >
            Password
            <span
              class="mantine-1wc35tu mantine-TextInput-required"
            >
               *
            </span>
          </label>
          <div
            class="mantine-TextInput-wrapper mantine-12sbrde"
          >
            <input
              aria-invalid="false"
              class="mantine-TextInput-defaultVariant mantine-TextInput-input mantine-nk8491"
              defaultvalue=""
              id="password"
              required=""
              type="password"
            />
          </div>
        </div>
        <div
          class="mantine-63n06h"
        />
        <div
          class="mantine-Group-root mantine-147cgkf"
        >
          <button
            class="mantine-Button-filled mantine-Button-root mantine-Group-child mantine-s2bdxi"
            disabled=""
            type="submit"
          >
            <div
              class="mantine-3xbgk5 mantine-Button-inner"
            >
              <span
                class="mantine-qo1k2 mantine-Button-label"
              >
                Reveal Seed Phrase
              </span>
            </div>
          </button>
        </div>
      </div>
    </form>
  </div>
</DocumentFragment>
`;
