// Vitest Snapshot v1

exports[`molecules::WalletBalance > renders after loading data 1`] = `
<DocumentFragment>
  <div
    class="mantine-Group-root mantine-cvr2kw"
  >
    <div
      class="mantine-Stack-root mantine-Group-child mantine-1vgxq13"
    >
      <div
        class="mantine-Text-root mantine-1l9p15c"
      >
        Available Balance
      </div>
      <div
        class="mantine-Text-root mantine-1azyhhz"
      >
        0.00
      </div>
    </div>
    <div
      class="mantine-Stack-root mantine-Group-child mantine-1vgxq13"
    >
      <div
        class="mantine-Text-root mantine-1l9p15c"
      >
        Locked Funds
      </div>
      <div
        class="mantine-Text-root mantine-1azyhhz"
      >
        12.00
      </div>
    </div>
    <div
      class="mantine-Stack-root mantine-Group-child mantine-1vgxq13"
    >
      <div
        class="mantine-Text-root mantine-1l9p15c"
      >
        Reserved Funds
      </div>
      <div
        class="mantine-Text-root mantine-1azyhhz"
      >
        0.00
      </div>
    </div>
  </div>
</DocumentFragment>
`;

exports[`molecules::WalletBalance > renders loading state 1`] = `
<DocumentFragment>
  <div
    class="mantine-Group-root mantine-cvr2kw"
  >
    <div
      class="mantine-Stack-root mantine-Group-child mantine-1vgxq13"
    >
      <div
        class="mantine-Text-root mantine-1l9p15c"
      >
        Available Balance
      </div>
      <div
        class="mantine-Text-root mantine-1azyhhz"
      >
        0.00
      </div>
    </div>
    <div
      class="mantine-Stack-root mantine-Group-child mantine-1vgxq13"
    >
      <div
        class="mantine-Text-root mantine-1l9p15c"
      >
        Locked Funds
      </div>
      <div
        class="mantine-Text-root mantine-1azyhhz"
      >
        12.00
      </div>
    </div>
    <div
      class="mantine-Stack-root mantine-Group-child mantine-1vgxq13"
    >
      <div
        class="mantine-Text-root mantine-1l9p15c"
      >
        Reserved Funds
      </div>
      <div
        class="mantine-Text-root mantine-1azyhhz"
      >
        0.00
      </div>
    </div>
  </div>
</DocumentFragment>
`;
