// Vitest Snapshot v1

exports[`organisms::SetPassword > renders without exploding 1`] = `
<DocumentFragment>
  <form
    data-testid="change-password-form"
  >
    <div
      class="mantine-Stack-root mantine-lfk3cq"
    >
      <div
        class="mantine-Container-root mantine-me1cdz"
      >
        <h1
          class="mantine-Title-root mantine-1rawl7h"
        >
          Create password
        </h1>
      </div>
      <div
        class="mantine-Text-root mantine-1ourfup"
      >
        All your data is stored locally on your machine. Haveno uses solely a password.
      </div>
      <div
        class="mantine-TextInput-root mantine-14qek68"
      >
        <label
          class="mantine-TextInput-label mantine-1bjo575"
          for="password"
          id="password-label"
        >
          Password
        </label>
        <div
          class="mantine-TextInput-wrapper mantine-12sbrde"
        >
          <input
            aria-invalid="false"
            aria-label="Enter password"
            class="mantine-TextInput-defaultVariant mantine-TextInput-input mantine-nk8491"
            id="password"
            tabindex="1"
            type="password"
            value=""
          />
        </div>
      </div>
      <div
        class="mantine-TextInput-root mantine-14qek68"
      >
        <label
          class="mantine-TextInput-label mantine-1bjo575"
          for="repeatPassword"
          id="repeatPassword-label"
        >
          Repeat password
        </label>
        <div
          class="mantine-TextInput-wrapper mantine-12sbrde"
        >
          <input
            aria-invalid="false"
            aria-label="Repeat password"
            class="mantine-TextInput-defaultVariant mantine-TextInput-input mantine-nk8491"
            id="repeatPassword"
            tabindex="2"
            type="password"
            value=""
          />
        </div>
      </div>
      <div
        class="mantine-63n06h"
      />
      <div
        class="mantine-Group-root mantine-19jxmdp"
      >
        <button
          aria-label="Click to go back"
          class="mantine-UnstyledButton-root mantine-Group-child mantine-1smyfmn"
          type="button"
        >
          <span
            class="mantine-Text-root mantine-1mwiqnz"
          >
            Go Back
          </span>
        </button>
        <button
          aria-label="Click to submit"
          class="mantine-Button-filled mantine-Button-root mantine-Group-child mantine-s2bdxi"
          type="submit"
        >
          <div
            class="mantine-3xbgk5 mantine-Button-inner"
          >
            <span
              class="mantine-qo1k2 mantine-Button-label"
            >
              Next
            </span>
          </div>
        </button>
      </div>
    </div>
  </form>
</DocumentFragment>
`;
