// Vitest Snapshot v1

exports[`molecules::Sync Status > renders without exploding 1`] = `
<DocumentFragment>
  <div
    class="mantine-Stack-root mantine-lfk3cq"
  >
    <div
      class="mantine-37276y"
    >
      <span
        class="mantine-13hapr5"
      />
      <div
        class="mantine-Text-root mantine-yt7sml"
      >
        Fully Synced
      </div>
    </div>
  </div>
</DocumentFragment>
`;
