// Vitest Snapshot v1

exports[`atoms::NodeStatus > renders without exploding 1`] = `
<DocumentFragment>
  <div
    class="mantine-1vax8o0"
  >
    <div
      class="mantine-Text-root mantine-14byb36"
    >
      node.moneroworldcom:18089:active
    </div>
    <div
      class="mantine-1d0mff5"
    >
      <div
        class="mantine-zy87za"
      />
    </div>
  </div>
  <div
    class="mantine-1vax8o0"
  >
    <div
      class="mantine-Text-root mantine-14byb36"
    >
      node.moneroworldcom:18089:inactive
    </div>
    <div
      class="mantine-1d0mff5"
    >
      <div
        class="mantine-19v6ci5"
      />
    </div>
  </div>
</DocumentFragment>
`;
